// Jest Snapshot v1, https://goo.gl/fbAQLP

exports[`renders correctly 1`] = `
<figure
  className="Playlist"
>
  <div
    className="Playlist-play"
  >
    <button
      className="Playlist-button"
    />
    <img
      alt="asd"
      className="Playlist-image"
      src="asdas"
    />
  </div>
  <figcaption
    className="Playlist-figcaption"
  >
    asd
  </figcaption>
</figure>
`;
