// Jest Snapshot v1, https://goo.gl/fbAQLP

exports[`renders correctly 1`] = `
<div
  className="Filter"
>
  <div
    className="Input"
  >
    <input
      className="Input-field"
      name="search"
      onChange={[Function]}
      placeholder="Buscar por nome"
      type="text"
    />
  </div>
</div>
`;
